// Jest Snapshot v1, https://goo.gl/fbAQLP

exports[`matches the snapshot 1`] = `
<div
  className="players"
>
  <button
    aria-label={null}
    className="btn btn-danger"
    onClick={[Function]}
    type="button"
  >
    Store Players
  </button>
</div>
`;
